// Jest Snapshot v1, https://goo.gl/fbAQLP

exports[`Testing App component Snapshot testing 1`] = `
Array [
  <div
    className="app"
  >
    <div
      className="container"
    >
      <div>
        <div
          className="header"
        >
          <div
            className="search-bar"
          >
            <form
              onSubmit={[Function]}
            >
              <input
                onChange={[Function]}
                placeholder="search for movies"
                type="text"
                value=""
              />
              <button
                type="submit"
              >
                <i
                  className="fa fa-search"
                />
              </button>
            </form>
          </div>
        </div>
        <div
          className="banner-img"
        />
        <div
          className="movie-wrapper"
        >
          <div
            className="movie-list"
          >
            <div
              className="movie-container"
            >
              <div
                className="movies-error"
              >
                <h3 />
              </div>
            </div>
          </div>
          <div
            className="show-list"
          >
            <div
              className="movie-container"
            >
              <div
                className="shows-error"
              >
                <h3 />
              </div>
            </div>
          </div>
        </div>
      </div>
    </div>
  </div>,
  ",",
]
`;
