// Jest Snapshot v1, https://goo.gl/fbAQLP

exports[`Testing App component Snapshot testing 1`] = `
Array [
  <div
    className="header"
  >
    <div
      className="search-bar"
    >
      <form
        onSubmit={[Function]}
      >
        <input
          onChange={[Function]}
          placeholder="search for movies"
          type="text"
          value=""
        />
        <button
          type="submit"
        >
          <i
            className="fa fa-search"
          />
        </button>
      </form>
    </div>
  </div>,
  ",",
]
`;
